[    2524ms] [INFO] %cDownload the React DevTools for a better development experience: https://react.dev/link/react-devtools font-weight:bold @ http://localhost:3000/_next/static/chunks/node_modules_next_dist_1yi21qw._.js:2967
[    2607ms] [LOG] [YNS Feedback Toolbar] module evaluated {vercelEnv: undefined, readyState: loading, willAutoMount: false} @ http://localhost:3000/_next/static/chunks/node_modules_next_dist_1yi21qw._.js:2967
[    2607ms] [LOG] [YNS Sandbox Inspectors] module evaluated @ http://localhost:3000/_next/static/chunks/node_modules_next_dist_1yi21qw._.js:2967
[    2611ms] [LOG] [HMR] connected @ http://localhost:3000/_next/static/chunks/node_modules_next_dist_1yi21qw._.js:2967
[    6218ms] [WARNING] The resource http://localhost:3000/_next/image?url=https%3A%2F%2Ffpvnqhp6jqce9ax6.public.blob.vercel-storage.com%2Fimages%2F019e0698-9dd1-7336-8322-f23d20afe2fe%2Ftest%2FIMG_2415-T3qPLEwNlUCm84tUYdtNabBiSrh9RA.JPG&w=640&q=75 was preloaded using link preload but not used within a few seconds from the window's load event. Please make sure it has an appropriate `as` value and it is preloaded intentionally. @ http://localhost:3000/products:0
[    6218ms] [WARNING] The resource http://localhost:3000/_next/image?url=https%3A%2F%2Ffpvnqhp6jqce9ax6.public.blob.vercel-storage.com%2Fimages%2F019e0698-9dd1-7336-8322-f23d20afe2fe%2Ftest%2Fproduct-019e0698-a38c-7249-a0e4-7584c6915121.png&w=640&q=75 was preloaded using link preload but not used within a few seconds from the window's load event. Please make sure it has an appropriate `as` value and it is preloaded intentionally. @ http://localhost:3000/products:0
[    6218ms] [WARNING] The resource http://localhost:3000/_next/image?url=https%3A%2F%2Ffpvnqhp6jqce9ax6.public.blob.vercel-storage.com%2Fimages%2F019e0698-9dd1-7336-8322-f23d20afe2fe%2Ftest%2FIMG_2764-QR4Q4wZzMNoh77MoMBPGn8sLpdPSox.JPG&w=640&q=75 was preloaded using link preload but not used within a few seconds from the window's load event. Please make sure it has an appropriate `as` value and it is preloaded intentionally. @ http://localhost:3000/products:0
[  313973ms] [LOG] [Fast Refresh] rebuilding @ http://localhost:3000/_next/static/chunks/node_modules_next_dist_1yi21qw._.js:2967
[  314352ms] [LOG] [Fast Refresh] done in 456ms @ http://localhost:3000/_next/static/chunks/node_modules_next_dist_1yi21qw._.js:2967
[  314479ms] [LOG] [Fast Refresh] rebuilding @ http://localhost:3000/_next/static/chunks/node_modules_next_dist_1yi21qw._.js:2967
[  314824ms] [LOG] [Fast Refresh] done in 458ms @ http://localhost:3000/_next/static/chunks/node_modules_next_dist_1yi21qw._.js:2967
[  316215ms] [LOG] [Fast Refresh] rebuilding @ http://localhost:3000/_next/static/chunks/node_modules_next_dist_1yi21qw._.js:2967
[  316304ms] [LOG] [Fast Refresh] done in 199ms @ http://localhost:3000/_next/static/chunks/node_modules_next_dist_1yi21qw._.js:2967
[  317566ms] [WARNING] The resource http://localhost:3000/_next/image?url=https%3A%2F%2Ffpvnqhp6jqce9ax6.public.blob.vercel-storage.com%2Fimages%2F019e0698-9dd1-7336-8322-f23d20afe2fe%2Ftest%2FIMG_2415-T3qPLEwNlUCm84tUYdtNabBiSrh9RA.JPG&w=640&q=75 was preloaded using link preload but not used within a few seconds from the window's load event. Please make sure it has an appropriate `as` value and it is preloaded intentionally. @ http://localhost:3000/products:0
[  317566ms] [WARNING] The resource http://localhost:3000/_next/image?url=https%3A%2F%2Ffpvnqhp6jqce9ax6.public.blob.vercel-storage.com%2Fimages%2F019e0698-9dd1-7336-8322-f23d20afe2fe%2Ftest%2Fproduct-019e0698-a38c-7249-a0e4-7584c6915121.png&w=640&q=75 was preloaded using link preload but not used within a few seconds from the window's load event. Please make sure it has an appropriate `as` value and it is preloaded intentionally. @ http://localhost:3000/products:0
[  317566ms] [WARNING] The resource http://localhost:3000/_next/image?url=https%3A%2F%2Ffpvnqhp6jqce9ax6.public.blob.vercel-storage.com%2Fimages%2F019e0698-9dd1-7336-8322-f23d20afe2fe%2Ftest%2FIMG_2764-QR4Q4wZzMNoh77MoMBPGn8sLpdPSox.JPG&w=640&q=75 was preloaded using link preload but not used within a few seconds from the window's load event. Please make sure it has an appropriate `as` value and it is preloaded intentionally. @ http://localhost:3000/products:0
[  319880ms] [LOG] [Fast Refresh] rebuilding @ http://localhost:3000/_next/static/chunks/node_modules_next_dist_1yi21qw._.js:2967
[  320173ms] [LOG] [Fast Refresh] done in 389ms @ http://localhost:3000/_next/static/chunks/node_modules_next_dist_1yi21qw._.js:2967
[  320287ms] [LOG] [Fast Refresh] rebuilding @ http://localhost:3000/_next/static/chunks/node_modules_next_dist_1yi21qw._.js:2967
[  320624ms] [LOG] [Fast Refresh] done in 451ms @ http://localhost:3000/_next/static/chunks/node_modules_next_dist_1yi21qw._.js:2967
[  321887ms] [LOG] [Fast Refresh] rebuilding @ http://localhost:3000/_next/static/chunks/node_modules_next_dist_1yi21qw._.js:2967
[  322060ms] [LOG] [Fast Refresh] done in 287ms @ http://localhost:3000/_next/static/chunks/node_modules_next_dist_1yi21qw._.js:2967
[  323055ms] [LOG] [Fast Refresh] rebuilding @ http://localhost:3000/_next/static/chunks/node_modules_next_dist_1yi21qw._.js:2967
[  323097ms] [LOG] [Fast Refresh] done in 144ms @ http://localhost:3000/_next/static/chunks/node_modules_next_dist_1yi21qw._.js:2967
[  323190ms] [WARNING] The resource http://localhost:3000/_next/image?url=https%3A%2F%2Ffpvnqhp6jqce9ax6.public.blob.vercel-storage.com%2Fimages%2F019e0698-9dd1-7336-8322-f23d20afe2fe%2Ftest%2FIMG_2415-T3qPLEwNlUCm84tUYdtNabBiSrh9RA.JPG&w=640&q=75 was preloaded using link preload but not used within a few seconds from the window's load event. Please make sure it has an appropriate `as` value and it is preloaded intentionally. @ http://localhost:3000/products:0
[  323190ms] [WARNING] The resource http://localhost:3000/_next/image?url=https%3A%2F%2Ffpvnqhp6jqce9ax6.public.blob.vercel-storage.com%2Fimages%2F019e0698-9dd1-7336-8322-f23d20afe2fe%2Ftest%2Fproduct-019e0698-a38c-7249-a0e4-7584c6915121.png&w=640&q=75 was preloaded using link preload but not used within a few seconds from the window's load event. Please make sure it has an appropriate `as` value and it is preloaded intentionally. @ http://localhost:3000/products:0
[  323190ms] [WARNING] The resource http://localhost:3000/_next/image?url=https%3A%2F%2Ffpvnqhp6jqce9ax6.public.blob.vercel-storage.com%2Fimages%2F019e0698-9dd1-7336-8322-f23d20afe2fe%2Ftest%2FIMG_2764-QR4Q4wZzMNoh77MoMBPGn8sLpdPSox.JPG&w=640&q=75 was preloaded using link preload but not used within a few seconds from the window's load event. Please make sure it has an appropriate `as` value and it is preloaded intentionally. @ http://localhost:3000/products:0
[  327380ms] [WARNING] The resource http://localhost:3000/_next/image?url=https%3A%2F%2Ffpvnqhp6jqce9ax6.public.blob.vercel-storage.com%2Fimages%2F019e0698-9dd1-7336-8322-f23d20afe2fe%2Ftest%2FIMG_2415-T3qPLEwNlUCm84tUYdtNabBiSrh9RA.JPG&w=640&q=75 was preloaded using link preload but not used within a few seconds from the window's load event. Please make sure it has an appropriate `as` value and it is preloaded intentionally. @ http://localhost:3000/products:0
[  327380ms] [WARNING] The resource http://localhost:3000/_next/image?url=https%3A%2F%2Ffpvnqhp6jqce9ax6.public.blob.vercel-storage.com%2Fimages%2F019e0698-9dd1-7336-8322-f23d20afe2fe%2Ftest%2Fproduct-019e0698-a38c-7249-a0e4-7584c6915121.png&w=640&q=75 was preloaded using link preload but not used within a few seconds from the window's load event. Please make sure it has an appropriate `as` value and it is preloaded intentionally. @ http://localhost:3000/products:0
[  327380ms] [WARNING] The resource http://localhost:3000/_next/image?url=https%3A%2F%2Ffpvnqhp6jqce9ax6.public.blob.vercel-storage.com%2Fimages%2F019e0698-9dd1-7336-8322-f23d20afe2fe%2Ftest%2FIMG_2764-QR4Q4wZzMNoh77MoMBPGn8sLpdPSox.JPG&w=640&q=75 was preloaded using link preload but not used within a few seconds from the window's load event. Please make sure it has an appropriate `as` value and it is preloaded intentionally. @ http://localhost:3000/products:0
[  374666ms] [LOG] [Fast Refresh] rebuilding @ http://localhost:3000/_next/static/chunks/node_modules_next_dist_1yi21qw._.js:2967
[  374999ms] [LOG] [Fast Refresh] done in 435ms @ http://localhost:3000/_next/static/chunks/node_modules_next_dist_1yi21qw._.js:2967
[  375114ms] [LOG] [Fast Refresh] rebuilding @ http://localhost:3000/_next/static/chunks/node_modules_next_dist_1yi21qw._.js:2967
[  375544ms] [LOG] [Fast Refresh] done in 536ms @ http://localhost:3000/_next/static/chunks/node_modules_next_dist_1yi21qw._.js:2967
[  382748ms] [WARNING] The resource http://localhost:3000/_next/image?url=https%3A%2F%2Ffpvnqhp6jqce9ax6.public.blob.vercel-storage.com%2Fimages%2F019e0698-9dd1-7336-8322-f23d20afe2fe%2Ftest%2FIMG_2415-T3qPLEwNlUCm84tUYdtNabBiSrh9RA.JPG&w=640&q=75 was preloaded using link preload but not used within a few seconds from the window's load event. Please make sure it has an appropriate `as` value and it is preloaded intentionally. @ http://localhost:3000/products:0
[  382749ms] [WARNING] The resource http://localhost:3000/_next/image?url=https%3A%2F%2Ffpvnqhp6jqce9ax6.public.blob.vercel-storage.com%2Fimages%2F019e0698-9dd1-7336-8322-f23d20afe2fe%2Ftest%2Fproduct-019e0698-a38c-7249-a0e4-7584c6915121.png&w=640&q=75 was preloaded using link preload but not used within a few seconds from the window's load event. Please make sure it has an appropriate `as` value and it is preloaded intentionally. @ http://localhost:3000/products:0
[  382749ms] [WARNING] The resource http://localhost:3000/_next/image?url=https%3A%2F%2Ffpvnqhp6jqce9ax6.public.blob.vercel-storage.com%2Fimages%2F019e0698-9dd1-7336-8322-f23d20afe2fe%2Ftest%2FIMG_2764-QR4Q4wZzMNoh77MoMBPGn8sLpdPSox.JPG&w=640&q=75 was preloaded using link preload but not used within a few seconds from the window's load event. Please make sure it has an appropriate `as` value and it is preloaded intentionally. @ http://localhost:3000/products:0
[  415324ms] [LOG] [Fast Refresh] rebuilding @ http://localhost:3000/_next/static/chunks/node_modules_next_dist_1yi21qw._.js:2967
[  415369ms] [LOG] [Fast Refresh] done in 152ms @ http://localhost:3000/_next/static/chunks/node_modules_next_dist_1yi21qw._.js:2967
[  415474ms] [LOG] [Fast Refresh] rebuilding @ http://localhost:3000/_next/static/chunks/node_modules_next_dist_1yi21qw._.js:2967
[  415511ms] [LOG] [Fast Refresh] done in 139ms @ http://localhost:3000/_next/static/chunks/node_modules_next_dist_1yi21qw._.js:2967
[  416359ms] [LOG] [Fast Refresh] rebuilding @ http://localhost:3000/_next/static/chunks/node_modules_next_dist_1yi21qw._.js:2967
[  416694ms] [LOG] [Fast Refresh] done in 439ms @ http://localhost:3000/_next/static/chunks/node_modules_next_dist_1yi21qw._.js:2967
[  419661ms] [WARNING] The resource http://localhost:3000/_next/image?url=https%3A%2F%2Ffpvnqhp6jqce9ax6.public.blob.vercel-storage.com%2Fimages%2F019e0698-9dd1-7336-8322-f23d20afe2fe%2Ftest%2FIMG_2415-T3qPLEwNlUCm84tUYdtNabBiSrh9RA.JPG&w=640&q=75 was preloaded using link preload but not used within a few seconds from the window's load event. Please make sure it has an appropriate `as` value and it is preloaded intentionally. @ http://localhost:3000/products:0
[  419661ms] [WARNING] The resource http://localhost:3000/_next/image?url=https%3A%2F%2Ffpvnqhp6jqce9ax6.public.blob.vercel-storage.com%2Fimages%2F019e0698-9dd1-7336-8322-f23d20afe2fe%2Ftest%2Fproduct-019e0698-a38c-7249-a0e4-7584c6915121.png&w=640&q=75 was preloaded using link preload but not used within a few seconds from the window's load event. Please make sure it has an appropriate `as` value and it is preloaded intentionally. @ http://localhost:3000/products:0
[  419661ms] [WARNING] The resource http://localhost:3000/_next/image?url=https%3A%2F%2Ffpvnqhp6jqce9ax6.public.blob.vercel-storage.com%2Fimages%2F019e0698-9dd1-7336-8322-f23d20afe2fe%2Ftest%2FIMG_2764-QR4Q4wZzMNoh77MoMBPGn8sLpdPSox.JPG&w=640&q=75 was preloaded using link preload but not used within a few seconds from the window's load event. Please make sure it has an appropriate `as` value and it is preloaded intentionally. @ http://localhost:3000/products:0
[  424669ms] [LOG] [Fast Refresh] rebuilding @ http://localhost:3000/_next/static/chunks/node_modules_next_dist_1yi21qw._.js:2967
[  424678ms] [LOG] [Fast Refresh] done in 124ms @ http://localhost:3000/_next/static/chunks/node_modules_next_dist_1yi21qw._.js:2967
[  424886ms] [LOG] [Fast Refresh] rebuilding @ http://localhost:3000/_next/static/chunks/node_modules_next_dist_1yi21qw._.js:2967
[  424912ms] [LOG] [Fast Refresh] done in 140ms @ http://localhost:3000/_next/static/chunks/node_modules_next_dist_1yi21qw._.js:2967
[  425023ms] [LOG] [Fast Refresh] rebuilding @ http://localhost:3000/_next/static/chunks/node_modules_next_dist_1yi21qw._.js:2967
[  425054ms] [LOG] [Fast Refresh] done in 132ms @ http://localhost:3000/_next/static/chunks/node_modules_next_dist_1yi21qw._.js:2967
[  425204ms] [LOG] [Fast Refresh] rebuilding @ http://localhost:3000/_next/static/chunks/node_modules_next_dist_1yi21qw._.js:2967
[  425231ms] [LOG] [Fast Refresh] done in 128ms @ http://localhost:3000/_next/static/chunks/node_modules_next_dist_1yi21qw._.js:2967
[  438184ms] [LOG] [Fast Refresh] rebuilding @ http://localhost:3000/_next/static/chunks/node_modules_next_dist_1yi21qw._.js:2967
[  438211ms] [LOG] [Fast Refresh] done in 129ms @ http://localhost:3000/_next/static/chunks/node_modules_next_dist_1yi21qw._.js:2967
[  438716ms] [LOG] [Fast Refresh] rebuilding @ http://localhost:3000/_next/static/chunks/node_modules_next_dist_1yi21qw._.js:2967
[  438749ms] [LOG] [Fast Refresh] done in 137ms @ http://localhost:3000/_next/static/chunks/node_modules_next_dist_1yi21qw._.js:2967
[  483834ms] [LOG] [Fast Refresh] rebuilding @ http://localhost:3000/_next/static/chunks/node_modules_next_dist_1yi21qw._.js:2967
[  483885ms] [LOG] [Fast Refresh] done in 164ms @ http://localhost:3000/_next/static/chunks/node_modules_next_dist_1yi21qw._.js:2967
[  483998ms] [LOG] [Fast Refresh] rebuilding @ http://localhost:3000/_next/static/chunks/node_modules_next_dist_1yi21qw._.js:2967
[  484011ms] [LOG] [Fast Refresh] done in 117ms @ http://localhost:3000/_next/static/chunks/node_modules_next_dist_1yi21qw._.js:2967
[ 2746562ms] [LOG] [HMR] connected @ http://localhost:3000/_next/static/chunks/node_modules_next_dist_1yi21qw._.js:2967
[ 2746683ms] [LOG] [Fast Refresh] rebuilding @ http://localhost:3000/_next/static/chunks/node_modules_next_dist_1yi21qw._.js:2967
[ 2746776ms] [LOG] [Fast Refresh] done in 196ms @ http://localhost:3000/_next/static/chunks/node_modules_next_dist_1yi21qw._.js:2967
[ 3192175ms] [LOG] [HMR] connected @ http://localhost:3000/_next/static/chunks/node_modules_next_dist_1yi21qw._.js:2967
[ 3192296ms] [LOG] [Fast Refresh] rebuilding @ http://localhost:3000/_next/static/chunks/node_modules_next_dist_1yi21qw._.js:2967
[ 3192393ms] [LOG] [Fast Refresh] done in 200ms @ http://localhost:3000/_next/static/chunks/node_modules_next_dist_1yi21qw._.js:2967
[ 9247578ms] [LOG] [HMR] connected @ http://localhost:3000/_next/static/chunks/node_modules_next_dist_1yi21qw._.js:2967
[ 9247756ms] [LOG] [Fast Refresh] rebuilding @ http://localhost:3000/_next/static/chunks/node_modules_next_dist_1yi21qw._.js:2967
[ 9248291ms] [LOG] [Fast Refresh] done in 648ms @ http://localhost:3000/_next/static/chunks/node_modules_next_dist_1yi21qw._.js:2967
[ 9251120ms] [WARNING] The resource http://localhost:3000/_next/image?url=https%3A%2F%2Ffpvnqhp6jqce9ax6.public.blob.vercel-storage.com%2Fimages%2F019e0698-9dd1-7336-8322-f23d20afe2fe%2Ftest%2FIMG_2415-T3qPLEwNlUCm84tUYdtNabBiSrh9RA.JPG&w=640&q=75 was preloaded using link preload but not used within a few seconds from the window's load event. Please make sure it has an appropriate `as` value and it is preloaded intentionally. @ http://localhost:3000/products:0
[ 9251120ms] [WARNING] The resource http://localhost:3000/_next/image?url=https%3A%2F%2Ffpvnqhp6jqce9ax6.public.blob.vercel-storage.com%2Fimages%2F019e0698-9dd1-7336-8322-f23d20afe2fe%2Ftest%2Fproduct-019e0698-a38c-7249-a0e4-7584c6915121.png&w=640&q=75 was preloaded using link preload but not used within a few seconds from the window's load event. Please make sure it has an appropriate `as` value and it is preloaded intentionally. @ http://localhost:3000/products:0
[ 9251120ms] [WARNING] The resource http://localhost:3000/_next/image?url=https%3A%2F%2Ffpvnqhp6jqce9ax6.public.blob.vercel-storage.com%2Fimages%2F019e0698-9dd1-7336-8322-f23d20afe2fe%2Ftest%2FIMG_2764-QR4Q4wZzMNoh77MoMBPGn8sLpdPSox.JPG&w=640&q=75 was preloaded using link preload but not used within a few seconds from the window's load event. Please make sure it has an appropriate `as` value and it is preloaded intentionally. @ http://localhost:3000/products:0
[10599536ms] [LOG] [HMR] connected @ http://localhost:3000/_next/static/chunks/node_modules_next_dist_1yi21qw._.js:2967
[10599671ms] [LOG] [Fast Refresh] rebuilding @ http://localhost:3000/_next/static/chunks/node_modules_next_dist_1yi21qw._.js:2967
[10599724ms] [LOG] [Fast Refresh] done in 157ms @ http://localhost:3000/_next/static/chunks/node_modules_next_dist_1yi21qw._.js:2967
[10852170ms] [LOG] [HMR] connected @ http://localhost:3000/_next/static/chunks/node_modules_next_dist_1yi21qw._.js:2967
[10852288ms] [LOG] [Fast Refresh] rebuilding @ http://localhost:3000/_next/static/chunks/node_modules_next_dist_1yi21qw._.js:2967
[10852353ms] [LOG] [Fast Refresh] done in 173ms @ http://localhost:3000/_next/static/chunks/node_modules_next_dist_1yi21qw._.js:2967
[12058374ms] [LOG] [HMR] connected @ http://localhost:3000/_next/static/chunks/node_modules_next_dist_1yi21qw._.js:2967
[12058490ms] [LOG] [Fast Refresh] rebuilding @ http://localhost:3000/_next/static/chunks/node_modules_next_dist_1yi21qw._.js:2967
[12058573ms] [LOG] [Fast Refresh] done in 187ms @ http://localhost:3000/_next/static/chunks/node_modules_next_dist_1yi21qw._.js:2967
[12065276ms] [LOG] [HMR] connected @ http://localhost:3000/_next/static/chunks/node_modules_next_dist_1yi21qw._.js:2967
[12149445ms] [LOG] [HMR] connected @ http://localhost:3000/_next/static/chunks/node_modules_next_dist_1yi21qw._.js:2967
[12149581ms] [LOG] [Fast Refresh] rebuilding @ http://localhost:3000/_next/static/chunks/node_modules_next_dist_1yi21qw._.js:2967
[12149640ms] [LOG] [Fast Refresh] done in 174ms @ http://localhost:3000/_next/static/chunks/node_modules_next_dist_1yi21qw._.js:2967
[12271926ms] [ERROR] WebSocket connection to 'ws://localhost:3000/_next/hmr?id=kS3Y_lbxaxWHFC0NbTqt_' failed: Error in connection establishment: net::ERR_CONNECTION_REFUSED @ http://localhost:3000/_next/static/chunks/node_modules_next_dist_client_0r5nbpw._.js:13520
[12275277ms] [ERROR] WebSocket connection to 'ws://localhost:3000/_next/hmr?id=kS3Y_lbxaxWHFC0NbTqt_' failed: Error in connection establishment: net::ERR_CONNECTION_REFUSED @ http://localhost:3000/_next/static/chunks/node_modules_next_dist_client_0r5nbpw._.js:13520
[12278647ms] [ERROR] WebSocket connection to 'ws://localhost:3000/_next/hmr?id=kS3Y_lbxaxWHFC0NbTqt_' failed: Error in connection establishment: net::ERR_CONNECTION_REFUSED @ http://localhost:3000/_next/static/chunks/node_modules_next_dist_client_0r5nbpw._.js:13520
[12281983ms] [ERROR] WebSocket connection to 'ws://localhost:3000/_next/hmr?id=kS3Y_lbxaxWHFC0NbTqt_' failed: Error in connection establishment: net::ERR_CONNECTION_REFUSED @ http://localhost:3000/_next/static/chunks/node_modules_next_dist_client_0r5nbpw._.js:13520
[12285320ms] [ERROR] WebSocket connection to 'ws://localhost:3000/_next/hmr?id=kS3Y_lbxaxWHFC0NbTqt_' failed: Error in connection establishment: net::ERR_CONNECTION_REFUSED @ http://localhost:3000/_next/static/chunks/node_modules_next_dist_client_0r5nbpw._.js:13520
[12292673ms] [ERROR] WebSocket connection to 'ws://localhost:3000/_next/hmr?id=kS3Y_lbxaxWHFC0NbTqt_' failed: Error in connection establishment: net::ERR_CONNECTION_REFUSED @ http://localhost:3000/_next/static/chunks/node_modules_next_dist_client_0r5nbpw._.js:13520
[12300023ms] [ERROR] WebSocket connection to 'ws://localhost:3000/_next/hmr?id=kS3Y_lbxaxWHFC0NbTqt_' failed: Error in connection establishment: net::ERR_CONNECTION_REFUSED @ http://localhost:3000/_next/static/chunks/node_modules_next_dist_client_0r5nbpw._.js:13520
[12307396ms] [ERROR] WebSocket connection to 'ws://localhost:3000/_next/hmr?id=kS3Y_lbxaxWHFC0NbTqt_' failed: Error in connection establishment: net::ERR_CONNECTION_REFUSED @ http://localhost:3000/_next/static/chunks/node_modules_next_dist_client_0r5nbpw._.js:13520
[12314751ms] [ERROR] WebSocket connection to 'ws://localhost:3000/_next/hmr?id=kS3Y_lbxaxWHFC0NbTqt_' failed: Error in connection establishment: net::ERR_CONNECTION_REFUSED @ http://localhost:3000/_next/static/chunks/node_modules_next_dist_client_0r5nbpw._.js:13520
[12322138ms] [ERROR] WebSocket connection to 'ws://localhost:3000/_next/hmr?id=kS3Y_lbxaxWHFC0NbTqt_' failed: Error in connection establishment: net::ERR_CONNECTION_REFUSED @ http://localhost:3000/_next/static/chunks/node_modules_next_dist_client_0r5nbpw._.js:13520
[12329543ms] [ERROR] WebSocket connection to 'ws://localhost:3000/_next/hmr?id=kS3Y_lbxaxWHFC0NbTqt_' failed: Error in connection establishment: net::ERR_CONNECTION_REFUSED @ http://localhost:3000/_next/static/chunks/node_modules_next_dist_client_0r5nbpw._.js:13520
[12336952ms] [ERROR] WebSocket connection to 'ws://localhost:3000/_next/hmr?id=kS3Y_lbxaxWHFC0NbTqt_' failed: Error in connection establishment: net::ERR_CONNECTION_REFUSED @ http://localhost:3000/_next/static/chunks/node_modules_next_dist_client_0r5nbpw._.js:13520
