[     137ms] [LOG] [Fast Refresh] rebuilding @ http://localhost:3000/_next/static/chunks/node_modules_next_dist_1yi21qw._.js:2967
[    1040ms] [LOG] [Fast Refresh] done in 1018ms @ http://localhost:3000/_next/static/chunks/node_modules_next_dist_1yi21qw._.js:2967
[    3461ms] [WARNING] The resource http://localhost:3000/_next/image?url=https%3A%2F%2Ffpvnqhp6jqce9ax6.public.blob.vercel-storage.com%2Fimages%2F019e0698-9dd1-7336-8322-f23d20afe2fe%2Ftest%2Fproduct-019e0698-a38c-7249-a0e4-7584c6915121.png&w=640&q=75 was preloaded using link preload but not used within a few seconds from the window's load event. Please make sure it has an appropriate `as` value and it is preloaded intentionally. @ http://localhost:3000/products:0
[    3461ms] [WARNING] The resource http://localhost:3000/_next/image?url=https%3A%2F%2Ffpvnqhp6jqce9ax6.public.blob.vercel-storage.com%2Fimages%2F019e0698-9dd1-7336-8322-f23d20afe2fe%2Ftest%2FIMG_2764-QR4Q4wZzMNoh77MoMBPGn8sLpdPSox.JPG&w=640&q=75 was preloaded using link preload but not used within a few seconds from the window's load event. Please make sure it has an appropriate `as` value and it is preloaded intentionally. @ http://localhost:3000/products:0
[    3461ms] [WARNING] The resource http://localhost:3000/_next/image?url=https%3A%2F%2Ffpvnqhp6jqce9ax6.public.blob.vercel-storage.com%2Fimages%2F019e0698-9dd1-7336-8322-f23d20afe2fe%2Ftest%2FIMG_2415-T3qPLEwNlUCm84tUYdtNabBiSrh9RA.JPG&w=640&q=75 was preloaded using link preload but not used within a few seconds from the window's load event. Please make sure it has an appropriate `as` value and it is preloaded intentionally. @ http://localhost:3000/products:0
[    5670ms] [INFO] %cDownload the React DevTools for a better development experience: https://react.dev/link/react-devtools font-weight:bold @ http://localhost:3000/_next/static/chunks/node_modules_next_dist_1yi21qw._.js:2967
[    5705ms] [LOG] [HMR] connected @ http://localhost:3000/_next/static/chunks/node_modules_next_dist_1yi21qw._.js:2967
[    5738ms] [LOG] [YNS Feedback Toolbar] module evaluated {vercelEnv: undefined, readyState: interactive, willAutoMount: false} @ http://localhost:3000/_next/static/chunks/node_modules_next_dist_1yi21qw._.js:2967
[    5738ms] [LOG] [YNS Sandbox Inspectors] module evaluated @ http://localhost:3000/_next/static/chunks/node_modules_next_dist_1yi21qw._.js:2967
[    5874ms] [LOG] [Fast Refresh] rebuilding @ http://localhost:3000/_next/static/chunks/node_modules_next_dist_1yi21qw._.js:2967
[    6193ms] [WARNING] Image with src "https://fpvnqhp6jqce9ax6.public.blob.vercel-storage.com/images/019e0698-9dd1-7336-8322-f23d20afe2fe/test/IMG_2764-QR4Q4wZzMNoh77MoMBPGn8sLpdPSox.JPG" was detected as the Largest Contentful Paint (LCP). Please add the `loading="eager"` property if this image is above the fold.
Read more: https://nextjs.org/docs/app/api-reference/components/image#loading @ http://localhost:3000/_next/static/chunks/node_modules_next_dist_1yi21qw._.js:2967
[    6472ms] [LOG] [Fast Refresh] done in 708ms @ http://localhost:3000/_next/static/chunks/node_modules_next_dist_1yi21qw._.js:2967
[    6655ms] [LOG] [Fast Refresh] rebuilding @ http://localhost:3000/_next/static/chunks/node_modules_next_dist_1yi21qw._.js:2967
[    6669ms] [LOG] [Fast Refresh] done in 124ms @ http://localhost:3000/_next/static/chunks/node_modules_next_dist_1yi21qw._.js:2967
[   10207ms] [WARNING] The resource http://localhost:3000/_next/image?url=https%3A%2F%2Ffpvnqhp6jqce9ax6.public.blob.vercel-storage.com%2Fimages%2F019e0698-9dd1-7336-8322-f23d20afe2fe%2Ftest%2FIMG_2764-QR4Q4wZzMNoh77MoMBPGn8sLpdPSox.JPG&w=640&q=75 was preloaded using link preload but not used within a few seconds from the window's load event. Please make sure it has an appropriate `as` value and it is preloaded intentionally. @ http://localhost:3000/product/crater?Talla=10:0
[   10334ms] [LOG] [Fast Refresh] rebuilding @ http://localhost:3000/_next/static/chunks/node_modules_next_dist_1yi21qw._.js:2967
[   12674ms] [LOG] [Fast Refresh] done in 2441ms @ http://localhost:3000/_next/static/chunks/node_modules_next_dist_1yi21qw._.js:2967
[   15582ms] [WARNING] The resource http://localhost:3000/_next/image?url=https%3A%2F%2Ffpvnqhp6jqce9ax6.public.blob.vercel-storage.com%2Fimages%2F019e0698-9dd1-7336-8322-f23d20afe2fe%2Ftest%2FIMG_2764-QR4Q4wZzMNoh77MoMBPGn8sLpdPSox.JPG&w=640&q=75 was preloaded using link preload but not used within a few seconds from the window's load event. Please make sure it has an appropriate `as` value and it is preloaded intentionally. @ http://localhost:3000/product/crater?Talla=10:0
[   31277ms] [WARNING] The resource http://localhost:3000/_next/image?url=https%3A%2F%2Ffpvnqhp6jqce9ax6.public.blob.vercel-storage.com%2Fimages%2F019e0698-9dd1-7336-8322-f23d20afe2fe%2Ftest%2FIMG_2764-QR4Q4wZzMNoh77MoMBPGn8sLpdPSox.JPG&w=640&q=75 was preloaded using link preload but not used within a few seconds from the window's load event. Please make sure it has an appropriate `as` value and it is preloaded intentionally. @ http://localhost:3000/product/crater?Talla=10:0
[   36151ms] [WARNING] The resource http://localhost:3000/_next/image?url=https%3A%2F%2Ffpvnqhp6jqce9ax6.public.blob.vercel-storage.com%2Fimages%2F019e0698-9dd1-7336-8322-f23d20afe2fe%2Ftest%2FIMG_2764-QR4Q4wZzMNoh77MoMBPGn8sLpdPSox.JPG&w=640&q=75 was preloaded using link preload but not used within a few seconds from the window's load event. Please make sure it has an appropriate `as` value and it is preloaded intentionally. @ http://localhost:3000/product/crater?Talla=10:0
[   42400ms] [LOG] [Fast Refresh] rebuilding @ http://localhost:3000/_next/static/chunks/node_modules_next_dist_1yi21qw._.js:2967
[   42717ms] [LOG] [Fast Refresh] done in 429ms @ http://localhost:3000/_next/static/chunks/node_modules_next_dist_1yi21qw._.js:2967
[   45712ms] [WARNING] The resource http://localhost:3000/_next/image?url=https%3A%2F%2Ffpvnqhp6jqce9ax6.public.blob.vercel-storage.com%2Fimages%2F019e0698-9dd1-7336-8322-f23d20afe2fe%2Ftest%2FIMG_2764-QR4Q4wZzMNoh77MoMBPGn8sLpdPSox.JPG&w=640&q=75 was preloaded using link preload but not used within a few seconds from the window's load event. Please make sure it has an appropriate `as` value and it is preloaded intentionally. @ http://localhost:3000/product/crater?Talla=10:0
[   59956ms] [WARNING] The resource http://localhost:3000/_next/image?url=https%3A%2F%2Ffpvnqhp6jqce9ax6.public.blob.vercel-storage.com%2Fimages%2F019e0698-9dd1-7336-8322-f23d20afe2fe%2Ftest%2FIMG_2764-QR4Q4wZzMNoh77MoMBPGn8sLpdPSox.JPG&w=640&q=75 was preloaded using link preload but not used within a few seconds from the window's load event. Please make sure it has an appropriate `as` value and it is preloaded intentionally. @ http://localhost:3000/product/crater?Talla=10:0
[   60743ms] [LOG] [Fast Refresh] rebuilding @ http://localhost:3000/_next/static/chunks/node_modules_next_dist_1yi21qw._.js:2967
[   60984ms] [LOG] [Fast Refresh] done in 343ms @ http://localhost:3000/_next/static/chunks/node_modules_next_dist_1yi21qw._.js:2967
[   65769ms] [WARNING] The resource http://localhost:3000/_next/image?url=https%3A%2F%2Ffpvnqhp6jqce9ax6.public.blob.vercel-storage.com%2Fimages%2F019e0698-9dd1-7336-8322-f23d20afe2fe%2Ftest%2FIMG_2764-QR4Q4wZzMNoh77MoMBPGn8sLpdPSox.JPG&w=640&q=75 was preloaded using link preload but not used within a few seconds from the window's load event. Please make sure it has an appropriate `as` value and it is preloaded intentionally. @ http://localhost:3000/product/crater?Talla=10:0
[   68373ms] [LOG] [Fast Refresh] rebuilding @ http://localhost:3000/_next/static/chunks/node_modules_next_dist_1yi21qw._.js:2967
[   68703ms] [LOG] [Fast Refresh] done in 433ms @ http://localhost:3000/_next/static/chunks/node_modules_next_dist_1yi21qw._.js:2967
[   71681ms] [WARNING] The resource http://localhost:3000/_next/image?url=https%3A%2F%2Ffpvnqhp6jqce9ax6.public.blob.vercel-storage.com%2Fimages%2F019e0698-9dd1-7336-8322-f23d20afe2fe%2Ftest%2FIMG_2764-QR4Q4wZzMNoh77MoMBPGn8sLpdPSox.JPG&w=640&q=75 was preloaded using link preload but not used within a few seconds from the window's load event. Please make sure it has an appropriate `as` value and it is preloaded intentionally. @ http://localhost:3000/product/crater?Talla=10:0
[   87072ms] [WARNING] The resource http://localhost:3000/_next/image?url=https%3A%2F%2Ffpvnqhp6jqce9ax6.public.blob.vercel-storage.com%2Fimages%2F019e0698-9dd1-7336-8322-f23d20afe2fe%2Ftest%2FIMG_2764-QR4Q4wZzMNoh77MoMBPGn8sLpdPSox.JPG&w=640&q=75 was preloaded using link preload but not used within a few seconds from the window's load event. Please make sure it has an appropriate `as` value and it is preloaded intentionally. @ http://localhost:3000/product/crater?Talla=10:0
[   88356ms] [LOG] [Fast Refresh] rebuilding @ http://localhost:3000/_next/static/chunks/node_modules_next_dist_1yi21qw._.js:2967
[   88410ms] [LOG] [Fast Refresh] done in 154ms @ http://localhost:3000/_next/static/chunks/node_modules_next_dist_1yi21qw._.js:2967
[   91244ms] [WARNING] The resource http://localhost:3000/_next/image?url=https%3A%2F%2Ffpvnqhp6jqce9ax6.public.blob.vercel-storage.com%2Fimages%2F019e0698-9dd1-7336-8322-f23d20afe2fe%2Ftest%2FIMG_2764-QR4Q4wZzMNoh77MoMBPGn8sLpdPSox.JPG&w=640&q=75 was preloaded using link preload but not used within a few seconds from the window's load event. Please make sure it has an appropriate `as` value and it is preloaded intentionally. @ http://localhost:3000/product/crater?Talla=10:0
[   95427ms] [LOG] [Fast Refresh] rebuilding @ http://localhost:3000/_next/static/chunks/node_modules_next_dist_1yi21qw._.js:2967
[   95649ms] [WARNING] The resource http://localhost:3000/_next/image?url=https%3A%2F%2Ffpvnqhp6jqce9ax6.public.blob.vercel-storage.com%2Fimages%2F019e0698-9dd1-7336-8322-f23d20afe2fe%2Ftest%2FIMG_2764-QR4Q4wZzMNoh77MoMBPGn8sLpdPSox.JPG&w=640&q=75 was preloaded using link preload but not used within a few seconds from the window's load event. Please make sure it has an appropriate `as` value and it is preloaded intentionally. @ http://localhost:3000/product/crater?Talla=10:0
[   95730ms] [LOG] [Fast Refresh] done in 409ms @ http://localhost:3000/_next/static/chunks/node_modules_next_dist_1yi21qw._.js:2967
[   98741ms] [WARNING] The resource http://localhost:3000/_next/image?url=https%3A%2F%2Ffpvnqhp6jqce9ax6.public.blob.vercel-storage.com%2Fimages%2F019e0698-9dd1-7336-8322-f23d20afe2fe%2Ftest%2FIMG_2764-QR4Q4wZzMNoh77MoMBPGn8sLpdPSox.JPG&w=640&q=75 was preloaded using link preload but not used within a few seconds from the window's load event. Please make sure it has an appropriate `as` value and it is preloaded intentionally. @ http://localhost:3000/product/crater?Talla=10:0
[  130485ms] [LOG] [Fast Refresh] rebuilding @ http://localhost:3000/_next/static/chunks/node_modules_next_dist_1yi21qw._.js:2967
[  130805ms] [LOG] [Fast Refresh] done in 421ms @ http://localhost:3000/_next/static/chunks/node_modules_next_dist_1yi21qw._.js:2967
[  133787ms] [WARNING] The resource http://localhost:3000/_next/image?url=https%3A%2F%2Ffpvnqhp6jqce9ax6.public.blob.vercel-storage.com%2Fimages%2F019e0698-9dd1-7336-8322-f23d20afe2fe%2Ftest%2FIMG_2764-QR4Q4wZzMNoh77MoMBPGn8sLpdPSox.JPG&w=640&q=75 was preloaded using link preload but not used within a few seconds from the window's load event. Please make sure it has an appropriate `as` value and it is preloaded intentionally. @ http://localhost:3000/product/crater?Talla=10:0
